Resolving dependencies...
Downloading packages...
  _fe_analyzer_shared 91.0.0 (92.0.0 available)
  analyzer 8.4.1 (9.0.0 available)
  app_links 6.4.1 (7.0.0 available)
  characters 1.4.0 (1.4.1 available)
  flutter_markdown 0.7.7+1 (discontinued replaced by flutter_markdown_plus)
  flutter_riverpod 3.0.3 (3.1.0 available)
  matcher 0.12.17 (0.12.18 available)
  material_color_utilities 0.11.1 (0.13.0 available)
  riverpod 3.0.3 (3.1.0 available)
  test 1.26.3 (1.28.0 available)
  test_api 0.7.7 (0.7.8 available)
  test_core 0.6.12 (0.6.14 available)
Got dependencies!
1 package is discontinued.
11 packages have newer versions incompatible with dependency constraints.
Try `flutter pub outdated` for more information.
Analyzing appointment...                                        

  error - Target of URI doesn't exist: '../domain/appointment_models.dart' - lib\features\appointment\appointment_screen.dart:4:8 - uri_does_not_exist
  error - Target of URI doesn't exist: 'appointment_controller.dart' - lib\features\appointment\appointment_screen.dart:5:8 - uri_does_not_exist
  error - Target of URI doesn't exist: 'widgets/date_selection_widget.dart' - lib\features\appointment\appointment_screen.dart:6:8 - uri_does_not_exist
  error - Target of URI doesn't exist: 'widgets/time_slot_grid.dart' - lib\features\appointment\appointment_screen.dart:7:8 - uri_does_not_exist
  error - Target of URI doesn't exist: 'widgets/booking_form.dart' - lib\features\appointment\appointment_screen.dart:8:8 - uri_does_not_exist
  error - Undefined name 'bookingControllerProvider' - lib\features\appointment\appointment_screen.dart:15:29 - undefined_identifier
  error - Undefined name 'bookingControllerProvider' - lib\features\appointment\appointment_screen.dart:16:33 - undefined_identifier
  error - Undefined name 'bookingControllerProvider' - lib\features\appointment\appointment_screen.dart:19:16 - undefined_identifier
  error - The property 'error' can't be unconditionally accessed because the receiver can be 'null' - lib\features\appointment\appointment_screen.dart:20:16 - unchecked_use_of_nullable_value
  error - The property 'isLoading' can't be unconditionally accessed because the receiver can be 'null' - lib\features\appointment\appointment_screen.dart:20:39 - unchecked_use_of_nullable_value
  error - The property 'error' can't be unconditionally accessed because the receiver can be 'null' - lib\features\appointment\appointment_screen.dart:23:32 - unchecked_use_of_nullable_value
  error - The method 'DateSelectionWidget' isn't defined for the type 'AppointmentScreen' - lib\features\appointment\appointment_screen.dart:48:13 - undefined_method
  error - The method 'TimeSlotGrid' isn't defined for the type 'AppointmentScreen' - lib\features\appointment\appointment_screen.dart:55:15 - undefined_method
  error - The method 'BookingForm' isn't defined for the type 'AppointmentScreen' - lib\features\appointment\appointment_screen.dart:65:15 - undefined_method
  error - The method 'AppointmentRequest' isn't defined for the type 'AppointmentScreen' - lib\features\appointment\appointment_screen.dart:68:35 - undefined_method
  error - Classes can only extend other classes - lib\features\appointment\presentation\appointment_controller.dart:47:37 - extends_non_class
  error - Too many positional arguments: 0 expected, but 1 found - lib\features\appointment\presentation\appointment_controller.dart:50:51 - extra_positional_arguments
  error - Undefined name 'state' - lib\features\appointment\presentation\appointment_controller.dart:53:5 - undefined_identifier
  error - Undefined name 'state' - lib\features\appointment\presentation\appointment_controller.dart:53:13 - undefined_identifier
  error - Undefined name 'state' - lib\features\appointment\presentation\appointment_controller.dart:64:7 - undefined_identifier
  error - Undefined name 'state' - lib\features\appointment\presentation\appointment_controller.dart:64:15 - undefined_identifier
  error - Undefined name 'state' - lib\features\appointment\presentation\appointment_controller.dart:69:7 - undefined_identifier
  error - Undefined name 'state' - lib\features\appointment\presentation\appointment_controller.dart:69:15 - undefined_identifier
  error - Undefined name 'state' - lib\features\appointment\presentation\appointment_controller.dart:77:5 - undefined_identifier
  error - Undefined name 'state' - lib\features\appointment\presentation\appointment_controller.dart:77:13 - undefined_identifier
  error - Undefined name 'state' - lib\features\appointment\presentation\appointment_controller.dart:81:5 - undefined_identifier
  error - Undefined name 'state' - lib\features\appointment\presentation\appointment_controller.dart:81:13 - undefined_identifier
  error - Undefined name 'state' - lib\features\appointment\presentation\appointment_controller.dart:85:9 - undefined_identifier
  error - Undefined name 'state' - lib\features\appointment\presentation\appointment_controller.dart:85:17 - undefined_identifier
  error - Undefined name 'state' - lib\features\appointment\presentation\appointment_controller.dart:98:13 - undefined_identifier
  error - Undefined name 'state' - lib\features\appointment\presentation\appointment_controller.dart:99:22 - undefined_identifier
  error - Undefined name 'state' - lib\features\appointment\presentation\appointment_controller.dart:102:7 - undefined_identifier
  error - Undefined name 'state' - lib\features\appointment\presentation\appointment_controller.dart:102:15 - undefined_identifier
  error - Undefined name 'state' - lib\features\appointment\presentation\appointment_controller.dart:107:5 - undefined_identifier
  error - Undefined name 'StateNotifierProvider' - lib\features\appointment\presentation\appointment_controller.dart:112:5 - undefined_identifier
warning - Unused import: '../../../../shared/theme/app_colors.dart' - lib\features\appointment\presentation\widgets\booking_form.dart:2:8 - unused_import
   info - 'value' is deprecated and shouldn't be used. Use initialValue instead. This will set the initial value for the form field. This feature was deprecated after v3.33.0-1.0.pre - lib\features\appointment\presentation\widgets\booking_form.dart:106:13 - deprecated_member_use
   info - 'withOpacity' is deprecated and shouldn't be used. Use .withValues() to avoid precision loss - lib\features\appointment\presentation\widgets\date_selection_widget.dart:57:75 - deprecated_member_use
   info - 'withOpacity' is deprecated and shouldn't be used. Use .withValues() to avoid precision loss - lib\features\appointment\presentation\widgets\date_selection_widget.dart:63:52 - deprecated_member_use
   info - 'withOpacity' is deprecated and shouldn't be used. Use .withValues() to avoid precision loss - lib\features\appointment\presentation\widgets\time_slot_grid.dart:70:63 - deprecated_member_use
   info - 'withOpacity' is deprecated and shouldn't be used. Use .withValues() to avoid precision loss - lib\features\appointment\presentation\widgets\time_slot_grid.dart:78:45 - deprecated_member_use
   info - 'withOpacity' is deprecated and shouldn't be used. Use .withValues() to avoid precision loss - lib\features\appointment\presentation\widgets\time_slot_grid.dart:88:45 - deprecated_member_use

